
> next-template@0.1.0 build
> next build

   ▲ Next.js 15.3.4
   - Environments: .env.local

   Creating an optimized production build ...
 ✓ Compiled successfully in 14.0s
   Linting and checking validity of types ...
node.exe : Failed to 
compile.
At C:\Program Files\n
odejs\npm.ps1:29 
char:3
+   & $NODE_EXE 
$NPM_CLI_JS $args
+   ~~~~~~~~~~~~~~~~~
~~~~~~~~~~~~
    + CategoryInfo   
           : NotSpe  
  cified: (Failed    
 to compile.:Stri    
ng) [], RemoteEx    
ception
    + FullyQualified 
   ErrorId : Native  
  CommandError
 

.next/types/app/categ
ory/[id]/page.ts:34:2
9
Type error: Type '{ 
params: { id: 
string; }; }' does 
not satisfy the 
constraint 
'PageProps'.
  Types of property 
'params' are 
incompatible.
    Type '{ id: 
string; }' is 
missing the 
following properties 
from type 
'Promise<any>': 
then, catch, 
finally, 
[Symbol.toStringTag]

[0m [90m 32 
|[39m[0m
[0m [90m 33 |[39m 
[90m// Check the 
prop type of the 
entry 
function[39m[0m
[0m[31m[1m>[22m[
39m[90m 34 |[39m ch
eckFields[33m<[39m
[33mDiff[39m[33m<[
39m[33mPageProps[39
m[33m,[39m [33mFir
stArg[39m[33m<[39m
[33mTEntry[39m[[32
m'default'[39m][33m
>[39m[33m,[39m [3
2m'default'[39m[33m
>>[39m()[0m
[0m [90m    |[39m 
                     
       [31m[1m^[22
m[39m[0m
[0m [90m 35 
|[39m[0m
[0m [90m 36 |[39m 
[90m// Check the 
arguments and return 
type of the 
generateMetadata 
function[39m[0m
[0m [90m 37 |[39m 
[36mif[39m ([32m'g
enerateMetadata'[39m
 [36min[39m entry) 
{[0m
Next.js build worker 
exited with code: 1 
and signal: null
